  Determining projects to restore...
C:\Users\forra\APROGRAMMING\TaskManagement\Task.API\TaskManagement.API.csproj : warning NU1903: Package 'AutoMapper' 16.0.0 has a known high severity vulnerability, https://github.com/advisories/GHSA-rvv3-g6hj-g44x [C:\Users\forra\APROGRAMMING\TaskManagement\TaskManagement.sln]
  All projects are up-to-date for restore.
C:\Users\forra\APROGRAMMING\TaskManagement\Task.API\TaskManagement.API.csproj : warning NU1903: Package 'AutoMapper' 16.0.0 has a known high severity vulnerability, https://github.com/advisories/GHSA-rvv3-g6hj-g44x
  TaskManagement.ENTITIES -> C:\Users\forra\APROGRAMMING\TaskManagement\Task.ENTITIES\bin\Debug\net8.0\TaskManagement.ENTITIES.dll
  TaskManagement.MODELS -> C:\Users\forra\APROGRAMMING\TaskManagement\Task.CONTRACTS\bin\Debug\net8.0\TaskManagement.MODELS.dll
  TaskManagement.BLL -> C:\Users\forra\APROGRAMMING\TaskManagement\Task.BUSINESS\bin\Debug\net8.0\TaskManagement.BLL.dll
  TaskManagement.INFRASTRUCTURE -> C:\Users\forra\APROGRAMMING\TaskManagement\Task.INFRASTRUCTURE\bin\Debug\net8.0\TaskManagement.INFRASTRUCTURE.dll
C:\Users\forra\APROGRAMMING\TaskManagement\Task.API\Controllers\AccountController.cs(22,58): error CS1503: Argument 1: cannot convert from 'TaskManagement.MODELS.UserDTO.CreateUserDTO' to 'TaskManagement.ENTITIES.Entities.UserEntity' [C:\Users\forra\APROGRAMMING\TaskManagement\Task.API\TaskManagement.API.csproj]

Build FAILED.

C:\Users\forra\APROGRAMMING\TaskManagement\Task.API\TaskManagement.API.csproj : warning NU1903: Package 'AutoMapper' 16.0.0 has a known high severity vulnerability, https://github.com/advisories/GHSA-rvv3-g6hj-g44x [C:\Users\forra\APROGRAMMING\TaskManagement\TaskManagement.sln]
C:\Users\forra\APROGRAMMING\TaskManagement\Task.API\TaskManagement.API.csproj : warning NU1903: Package 'AutoMapper' 16.0.0 has a known high severity vulnerability, https://github.com/advisories/GHSA-rvv3-g6hj-g44x
C:\Users\forra\APROGRAMMING\TaskManagement\Task.API\Controllers\AccountController.cs(22,58): error CS1503: Argument 1: cannot convert from 'TaskManagement.MODELS.UserDTO.CreateUserDTO' to 'TaskManagement.ENTITIES.Entities.UserEntity' [C:\Users\forra\APROGRAMMING\TaskManagement\Task.API\TaskManagement.API.csproj]
    2 Warning(s)
    1 Error(s)

Time Elapsed 00:00:02.18
